// Vitest Snapshot v1, https://vitest.dev/guide/snapshot.html

exports[`WorkshopRepo > getStarter should match snapshot > spans 1`] = `
[
  {
    "affectedRows": 1934,
    "params": [],
    "sql": " 
       SELECT
           -- limit with top
           b.id, b.name
       FROM [common].[brand] as b
       -- WHERE b.name like 'brand name'
    ",
    "timeMs": 1,
    "type": "sql",
  },
]
`;
